#-----------------------------------------------------------
# Vivado v2015.2 (64-bit)
# SW Build 1266856 on Fri Jun 26 16:35:25 MDT 2015
# IP Build 1264090 on Wed Jun 24 14:22:01 MDT 2015
# Start of session at: Wed Mar 08 19:32:19 2017
# Process ID: 11796
# Log file: G:/1-/cpu-run/vivado.log
# Journal file: G:/1-/cpu-run\vivado.jou
#-----------------------------------------------------------
start_gui
open_project G:/1-/cpu-run/cpu2.xpr
close [ open G:/1-/cpu-run/cpu2.srcs/sources_1/new/Interrupt.v w ]
add_files G:/1-/cpu-run/cpu2.srcs/sources_1/new/Interrupt.v
update_compile_order -fileset sources_1
close [ open G:/1-/cpu-run/cpu2.srcs/sources_1/new/if_handle.v w ]
add_files G:/1-/cpu-run/cpu2.srcs/sources_1/new/if_handle.v
update_compile_order -fileset sources_1
remove_files G:/1-/cpu-run/cpu2.srcs/sources_1/new/if_handle.v
file delete -force G:/1-/cpu-run/cpu2.srcs/sources_1/new/if_handle.v
close [ open G:/1-/cpu-run/cpu2.srcs/sources_1/new/ir_handle.v w ]
add_files G:/1-/cpu-run/cpu2.srcs/sources_1/new/ir_handle.v
update_compile_order -fileset sources_1
close [ open G:/1-/cpu-run/cpu2.srcs/sources_1/new/mux.v w ]
add_files G:/1-/cpu-run/cpu2.srcs/sources_1/new/mux.v
update_compile_order -fileset sources_1
remove_files G:/1-/cpu-run/cpu2.srcs/sources_1/new/mux.v
file delete -force G:/1-/cpu-run/cpu2.srcs/sources_1/new/mux.v
close [ open G:/1-/cpu-run/cpu2.srcs/sources_1/new/Mux.v w ]
add_files G:/1-/cpu-run/cpu2.srcs/sources_1/new/Mux.v
update_compile_order -fileset sources_1
close [ open G:/1-/cpu-run/cpu2.srcs/sources_1/new/Mux4_1.v w ]
add_files G:/1-/cpu-run/cpu2.srcs/sources_1/new/Mux4_1.v
update_compile_order -fileset sources_1
